// 重构日志: 3426d22e
// 同步 ID: bf237e78 @ Sat Jul 18 01:45:33 UTC 2026
// 重构日志: 168ac789
// 重构日志: a9951e74
// 重构日志: 086e4848
// 同步 ID: 020b1bbe @ Sat Jul 18 15:34:15 UTC 2026
// 重构日志: 8248f3de
// 重构日志: 7ef57430
// 重构日志: 54ca8903
// 重构日志: 7eb98ae4
// 重构日志: f5a7963e
// 重构日志: 559028a3
// 同步 ID: d17e4abf @ Mon Jul 20 16:12:19 UTC 2026
// 重构日志: 9b8f5de5
// 重构日志: b9f247c5
// 同步 ID: 5e2434eb @ Tue Jul 21 17:44:41 UTC 2026
// 重构日志: b2b47c97
// 重构日志: c201364f
// 同步 ID: 988a14b1 @ Thu Jul 23 08:36:40 UTC 2026
// 重构日志: b1bcb03c
// 重构日志: 7ee4c3b3
// 重构日志: 414071b4
// 重构日志: 1df37a37
// 重构日志: 31e4e8c1
// 同步 ID: 290385d4 @ Sat Jul 25 09:35:23 UTC 2026
// 重构日志: 7205d2cf
// 重构日志: d683f7c9
// 重构日志: 1dc9ae9f
// 同步 ID: 28c3a229 @ Mon Jul 27 15:29:20 UTC 2026
// 同步 ID: a6825b46 @ Mon Jul 27 17:46:38 UTC 2026
